========================================================================
L199 -- in-set gates, L196 tree (depth {1: 100}, LP gate 63 on / 37 off)
========================================================================
G1 determinism    cost 100/100  positions 100/100   PASS
G2a L147 hatch   63/63 identical to results_L165_l147off.json on the block counts the gate KEEPS   PASS
G2b skipped==no-LP 37/37 identical to the lpoff arm on the block counts the gate DROPS   PASS
G2c L147+gateoff NOT RUN -- the decisive arm (ICCAD_SHAPE_LP_L147=0 ICCAD_LP_GATE=0) is still pending
                 G2 is PROVISIONAL until G2c lands.
G3 gate fired    NOT RUN (missing a stats file)
G4 map is flat    cost 100/100  positions 100/100   PASS
                 passes spent {1: 63}   (all-1s map => must be {1: N})   PASS
                 DEPTH2=0 is a no-op here BY CONSTRUCTION -- that is the assertion, not a null result.
G5 feasibility   100/100 in all 7 arms   PASS
G6 gate cost       -3.3998%   37 moved (0 better / 37 worse) of 100
                 vs the ungated LP. Negative is EXPECTED: the gate trades quality for wall.
G7 LP value        +1.6417%   62 moved (62 better / 0 worse) of 100
                 the whole gated LP, vs no LP at all. Must be > 0.
G8 hb predictor    -0.0227%   58 moved (44 better / 13 worse) of 100
                 L171 on THIS configuration. It read -0.0512% on L172's map.
------------------------------------------------------------------------
   cross-session: det1 vs _l198_gateon.json  cost 100/100  identical
========================================================================
VERDICT: FAIL G3(not run)
