=== L199 gates finished 2026-08-24T16:24:10Z ===
det1 exit=0  LPran=63  SAfallback=0  scipy=1
det2 exit=0  LPran=63  SAfallback=0  scipy=1
gateoff exit=0  LPran=100  SAfallback=0  scipy=1
k1 exit=0  LPran=63  SAfallback=0  scipy=1
l147off exit=0  LPran=63  SAfallback=0  scipy=1
hboff exit=0  LPran=63  SAfallback=0  scipy=1
l199_gates.sh: line 51: ../l199_lpoff_stats.txt: No such file or directory
lpoff exit=0  LPran=0  SAfallback=0  scipy=1
L199_GATES_DONE

=== L199 verdict ===
========================================================================
L199 -- in-set gates, L196 tree (depth {1: 100}, LP gate 63 on / 37 off)
========================================================================
G1 determinism    cost 100/100  positions 100/100   PASS
G2a L147 hatch   63/63 identical to results_L165_l147off.json on the block counts the gate KEEPS   PASS
G2b skipped==no-LP 37/37 identical to the lpoff arm on the block counts the gate DROPS   PASS
G2c L147+gateoff NOT RUN -- the decisive arm (ICCAD_SHAPE_LP_L147=0 ICCAD_LP_GATE=0) is still pending
                 G2 is PROVISIONAL until G2c lands.
G3 gate fired    NOT RUN (missing a stats file)
G4 map is flat    cost 100/100  positions 100/100   PASS
                 passes spent {1: 63}   (all-1s map => must be {1: N})   PASS
                 DEPTH2=0 is a no-op here BY CONSTRUCTION -- that is the assertion, not a null result.
G5 feasibility   100/100 in all 7 arms   PASS
G6 gate cost       -3.3998%   37 moved (0 better / 37 worse) of 100
                 vs the ungated LP. Negative is EXPECTED: the gate trades quality for wall.
G7 LP value        +1.6417%   62 moved (62 better / 0 worse) of 100
                 the whole gated LP, vs no LP at all. Must be > 0.
G8 hb predictor    -0.0227%   58 moved (44 better / 13 worse) of 100
                 L171 on THIS configuration. It read -0.0512% on L172's map.
------------------------------------------------------------------------
   cross-session: det1 vs _l198_gateon.json  cost 100/100  identical
========================================================================
VERDICT: FAIL G3(not run)
VERDICT_RC=0

=== L200 Linux lanes launching 2026-08-24T16:24:10Z ===
L200_WSL_RC=0
   | Results saved to results_l117_t_ship2.json
   scipy: system
   bundled-first: OK (no on-site compile artifact)
   LP liveness: 63/100 cases entered the LP; the shipped gate selects 63 of 100
   LP gate: OK -- ran on exactly the 63 selected block counts, skipped 37
   no-judge: total=1.2392183582600296 feasible=100/100
   vs results_l117_t_lpoff.json: +1.6686%
   RESULT FILE: /home/i077/l200/t_ship2/cadc1075/results_l117_t_ship2.json
L117 LINUX-VERIFY [final48/t_ship2]: PASS
LANE4_RC=0
   DETERMINISM on Linux: cost 100/100  positions 100/100  PASS

########## LANE 5 -- THE GATE IS LIVE ON LINUX ##########
-- layout from cadc1075.tar.gz -> /home/i077/l200/t_gateoff  [ICCAD_ADAPTIVE_CORES=48]
   bin/constructive_linux: 550432 bytes, magic=b'\x7fELF'
-- official cmd (cwd=cadc1075): -u iccad2026_evaluate.py --evaluate op_wrapper.py -o results_l117_t_gateoff.json
   env override: ICCAD_LP_GATE=0
   env override: ICCAD_ADAPTIVE_CORES=48
   env override: ICCAD_SHAPE_LP_STATS=/home/i077/l200/t_gateoff/lp_stats.txt
-- eval done in 427s (exit 0)
   | Tests: 100
   | Feasible: 100
   | Avg Cost: 1.2292
   | Avg Runtime: 4.04s
   | 
   | Results saved to results_l117_t_gateoff.json
   scipy: system
   bundled-first: OK (no on-site compile artifact)
   LP liveness: 100/100 cases entered the LP, kept 99/100
   no-judge: total=1.200227858954634 feasible=100/100
   vs results_l117_t_lpoff.json: +4.7625%
   RESULT FILE: /home/i077/l200/t_gateoff/cadc1075/results_l117_t_gateoff.json
L117 LINUX-VERIFY [final48/t_gateoff]: PASS
LANE5_RC=0
   LP executions: default 63   ICCAD_LP_GATE=0 100   (expect 63 / 100)
   GATE LIVENESS on Linux: PASS
   gate SET on Linux: default=={table 1s} True   gateoff==all True   PASS
LANE5_SET_RC=0

L200_DONE 2026-08-24T16:59:43Z
L200_DRIVE_DONE 2026-08-24T16:59:43Z
