=== L205 parallel done; starting the uncontended run 2026-08-24T17:23:07Z ===
seq exit=0  records=5100 (expect 5100)
   SEQUENTIAL == SHIPPED RESULT: cost 100/100  positions 100/100   PASS

=== UNCONTENDED imbalance ===
parallel r1    100 block counts, 5100 records
parallel r2    100 block counts, 5100 records
sequential     100 block counts, 5100 records

run               min     p25  median     p75   A wins  wtd share   mean ra
----------------------------------------------------------------------------
parallel r1     1.169   1.298   1.377   1.439    2/100       1.7%    1.0639
parallel r2     1.144   1.299   1.362   1.411    2/100       3.6%    1.0671
sequential      1.191   1.418   1.492   1.565   30/100      32.3%    1.0021
----------------------------------------------------------------------------
threshold on the ratio: 1.44 * 51/48 = 1.530

COMPRESSION, measured directly: sequential ratio / parallel ratio
   median 1.088   p25 1.051   p75 1.134   over 100 block counts
   (>1 means the parallel run WAS compressing the imbalance, i.e.
    the parallel verdict understated route A)

VERDICT
   uncontended weighted mean ra = 1.0021
   L204: we stop beating beta at ra = 1.052
   => route A COSTS wall but stays inside the beta margin.
      It is a pure loss against the certain route-A-OFF
      configuration (0.91491), which dominates it.

   Residual bias, one-sided and AGAINST route A: this credits it
   with perfect packing of the frame queue, which its own
   submission rule does not give. True ra is >= the number above.
L205B_DONE
L205C_CHAIN_DONE 2026-08-24T17:57:42Z
