=== L205 profile imbalance 2026-08-24T17:07:03Z ===
r1 exit=0  proftime lines=4588
r2 exit=0  proftime lines=4619

=== run 1 ===
Traceback (most recent call last):
  File "C:\ICCAD_ml\ship_final\l205_imbalance.py", line 137, in <module>
    raise SystemExit(main(sys.argv[1:]))
  File "C:\ICCAD_ml\ship_final\l205_imbalance.py", line 119, in main
    print("   \u26a0\ufe0f TWO BIASES, and they point in OPPOSITE directions -- read the")
UnicodeEncodeError: 'cp950' codec can't encode character '\u26a0' in position 3: illegal multibyte sequence
    63    49     0.642     0.873     1.360    plain     191
    70    49     0.796     1.100     1.383    plain     341
    77    49     1.028     1.565     1.522    plain     612
    80    43     1.144     1.759     1.538   routeA     786
    84    49     1.008     1.385     1.374    plain    1097
    91    47     1.076     1.568     1.457    plain    1965
    94    49     1.246     1.958     1.571   routeA    2523
    98    48     1.507     2.118     1.406    plain    3522
   100    48     1.101     1.711     1.554   routeA    4160
   105    48     1.578     2.278     1.444    plain    6311
   112    46     2.035     3.052     1.500    plain   11309
   117    42     1.836     2.928     1.595   routeA   17154
   119    47     1.936     2.835     1.464    plain   20265
------------------------------------------------------------------------------
cases measured: 100   ratio  min 1.169  p25 1.295  median 1.359  p75 1.425  max 1.595
cases where route A can win (ratio > 1.530): 4 of 100
WEIGHTED share of the score where route A can win: 8.9%

Implied route-A multiplier ra, per case, on a saturated box:
   ra(n) = max(1.44*W/cores, ...) / max(D_max, W/cores)
   weighted mean ra = 0.980


=== run 2 ===
Traceback (most recent call last):
  File "C:\ICCAD_ml\ship_final\l205_imbalance.py", line 137, in <module>
    raise SystemExit(main(sys.argv[1:]))
  File "C:\ICCAD_ml\ship_final\l205_imbalance.py", line 119, in main
    print("   \u26a0\ufe0f TWO BIASES, and they point in OPPOSITE directions -- read the")
UnicodeEncodeError: 'cp950' codec can't encode character '\u26a0' in position 3: illegal multibyte sequence
    42    43     0.365     0.443     1.214    plain      33
    49    49     0.505     0.641     1.271    plain      59
    56    46     0.523     0.723     1.383    plain     106
    63    49     0.651     0.881     1.353    plain     191
    70    49     0.778     1.060     1.361    plain     341
    77    51     0.993     1.478     1.489    plain     612
    84    47     1.023     1.350     1.320    plain    1097
    91    50     1.068     1.608     1.506    plain    1965
    92    49     1.233     1.910     1.549   routeA    2136
    98    45     1.513     2.148     1.419    plain    3522
   105    49     1.579     2.439     1.545   routeA    6311
   112    45     1.993     2.978     1.494    plain   11309
   119    49     1.994     2.938     1.474    plain   20265
------------------------------------------------------------------------------
cases measured: 100   ratio  min 1.131  p25 1.285  median 1.366  p75 1.413  max 1.549
cases where route A can win (ratio > 1.530): 2 of 100
WEIGHTED share of the score where route A can win: 3.1%

Implied route-A multiplier ra, per case, on a saturated box:
   ra(n) = max(1.44*W/cores, ...) / max(D_max, W/cores)
   weighted mean ra = 0.986

L205_DONE

=== INERTNESS of the ICCAD_PROFILE_TIMING instrument ===
