=== L212 larger k  2026-08-25T03:17:11Z ===
k16 exit=0  table loaded=1
k20 exit=0  table loaded=1
[scipy] source=system
====================================================================================
POOL DROP CURVE -- measured quality, modelled wall+gate (l204 RF, with the floor)
====================================================================================
   k  pool   quality   moved  case wall   gate        NET    graded  rank
   0    51         -       -          -     63     +1.260%   0.91491     4
------------------------------------------------------------------------------------
   3    48  -0.0232%    2/2      -2.96%     64     +1.915%   0.90884     4
   8    43  -0.1242%   12/12     -5.50%     66     +2.305%   0.90523     4
  12    39  -0.2438%   20/18     -6.68%     66     +2.410%   0.90426     4
  16    35  -0.3448%   25/21     -8.74%     68     +2.679%   0.90176     4
  20    31  -0.3943%   32/29    -10.31%     69     +2.882%   0.89988     4
------------------------------------------------------------------------------------
quality: MEASURED in set, + is better.  case wall: profile-phase cut x0.71 (M47 tail).
gate: how many block counts the LP gate fires on once the cheaper pool widens it.
r3 = 0.89933   r2 = 0.88819   beta = 0.92659

!! IN-SET quality only. Pool pruning is the exact mechanism that
   reversed out of sample twice (L138/L139: 12 of 22 held-out
   winners removed). Nothing here ships without the two OOS 240s.
L212_DONE
