========================================================================
L199 -- in-set gates, L196 tree (depth {1: 100}, LP gate 63 on / 37 off)
========================================================================
G1 determinism    cost 100/100  positions 100/100   PASS
G2a L147 hatch   58/63 identical to results_L165_l147off.json on the block counts the gate KEEPS   FAIL
G2b skipped==no-LP 37/37 identical to the lpoff arm on the block counts the gate DROPS   PASS
G2c L147+gateoff 88/100 identical to results_L165_l147off.json   FAIL
G3 gate fired    default   LP ran on  63 block counts   set == table: YES
                 LP_GATE=0  LP ran on 100 block counts   == all 100: YES
                 SHAPE_LP=0 LP ran on   0 block counts   == none:    YES
                 PASS
                 n>100 with the LP on: 8 (s=1.0 keeps only 2)
G4 map is flat    cost 100/100  positions 100/100   PASS
                 passes spent {1: 63}   (all-1s map => must be {1: N})   PASS
                 DEPTH2=0 is a no-op here BY CONSTRUCTION -- that is the assertion, not a null result.
G5 feasibility   100/100 in all 7 arms   PASS
G6 gate cost       -3.3630%   37 moved (0 better / 37 worse) of 100
                 vs the ungated LP. Negative is EXPECTED: the gate trades quality for wall.
G7 LP value        +1.6583%   62 moved (61 better / 1 worse) of 100
                 the whole gated LP, vs no LP at all. Must be > 0.
G8 hb predictor    +0.0314%   57 moved (44 better / 13 worse) of 100
                 L171 on THIS configuration. It read -0.0512% on L172's map.
G10 pool drop    kill switch 100/100 identical to results_L209_det1.json   PASS
                 default moves 12 cases vs it (measured 12)   PASS
                 table: 100 block counts x 8 profiles   PASS
------------------------------------------------------------------------
   cross-session: det1 vs _l198_gateon.json  cost 88/100  DIFFERS
========================================================================
VERDICT: FAIL G2
