=== L224 said: ===
UNCONTENDED REFINE 4 -> 2
  band cut n>100 : +27.57%   (contended single pair read +21.52%)
  CONTROL n<=100 : -0.89%   (must be ~0; REFINE untouched there)
  per block count: p10 +23.85%  median +27.42%  p90 +30.99%
==============================================================================
configuration                   quality        NET    graded  rank
----------------------------------------------------------------------
today (k=0, R=4)               +0.0000%    +1.260%   0.91491     4
pool drop k=8 only             -0.2989%    +1.613%   0.91164     4
REFINE=2 only                  +0.0400%    +4.483%   0.88504     2
k=8 + REFINE=2                 -0.1416%    +4.305%   0.88669     2
----------------------------------------------------------------------
r3 = 0.89933   r2 = 0.88819
   uncontended band cut +27.57%   control -0.89%
   uncontended timing CONFIRMS the contended measurement.

=== L225 implementing REFINE=2 on the heavy band ===
   _M49_REFINE_BAND heavy band 4 -> 2, kill switch added
   band checks: n=120 -> 2, kill switch -> 4, n=80 -> 6 (unchanged)
  tar: cadc1075.tar.gz OK (35504778 bytes, 1424 files under cadc1075/)

M67-B MAKE-SUBMISSION [stage]: PASS
   op_wrapper: 690d8d03151050d9fe9379f1124f0f28
   tar       : 8b15fb3e527bc797e4fed239cd66a61f
L225_STAGED
