[scipy] source=system
[l129] loading dataset ...
[l235] 100 cases, n>=0, prune_B=8.0, kw={'area_R': 1.5, 'area_g': 1.1, 'area_tol': 0.006, 'area_price': 1.0}
[scipy] source=system
[l235] A = optimizer_constructive   B = optimizer_l235lp

 case     n    A wall    B wall    speed   A solve   B solve  pyspeed
----------------------------------------------------------------------
    0    21     0.015     0.014    1.065x     0.007     0.007   1.138x
    1    22     0.031     0.029    1.064x     0.013     0.014   1.126x
    2    23     0.017     0.016    1.067x     0.008     0.008   1.146x
    3    24     0.027     0.024    1.084x     0.012     0.011   1.146x
    4    25     0.039     0.036    1.096x     0.019     0.019   1.206x
    5    26     0.040     0.036    1.106x     0.017     0.017   1.201x
    6    27     0.020     0.018    1.101x     0.009     0.009   1.216x
    7    28     0.023     0.021    1.116x     0.010     0.010   1.226x
    8    29     0.024     0.022    1.108x     0.013     0.013   1.258x
    9    30     0.041     0.036    1.134x     0.019     0.018   1.254x
   10    31     0.106     0.094    1.125x     0.055     0.055   1.300x
   11    32     0.021     0.019    1.123x     0.009     0.009   1.242x
   12    33     0.067     0.059    1.129x     0.038     0.038   1.351x
   13    34     0.028     0.026    1.108x     0.014     0.014   1.238x
   14    35     0.034     0.030    1.139x     0.018     0.018   1.341x
   15    36     0.064     0.055    1.150x     0.034     0.034   1.362x
   16    37     0.032     0.028    1.142x     0.015     0.015   1.320x
   17    38     0.078     0.067    1.154x     0.034     0.035   1.327x
   18    39     0.058     0.050    1.142x     0.029     0.029   1.327x
   19    40     0.061     0.052    1.169x     0.029     0.029   1.365x
   20    41     0.067     0.058    1.153x     0.030     0.031   1.337x
   21    42     0.106     0.093    1.144x     0.051     0.051   1.330x
   22    43     0.125     0.105    1.187x     0.052     0.052   1.359x
   23    44     0.148     0.133    1.114x     0.090     0.088   1.295x
   24    45     0.053     0.047    1.126x     0.031     0.031   1.398x
   25    46     0.046     0.039    1.182x     0.021     0.021   1.383x
   26    47     0.045     0.039    1.147x     0.024     0.024   1.377x
   27    48     0.041     0.035    1.178x     0.019     0.019   1.417x
   28    49     0.122     0.108    1.125x     0.075     0.075   1.416x
   29    50     0.039     0.033    1.187x     0.018     0.018   1.400x
   30    51     0.125     0.110    1.139x     0.067     0.067   1.350x
   31    52     0.138     0.121    1.142x     0.071     0.071   1.350x
   32    53     0.089     0.075    1.195x     0.040     0.040   1.401x
   33    54     0.062     0.054    1.139x     0.037     0.036   1.417x
   34    55     0.047     0.039    1.182x     0.021     0.021   1.397x
   35    56     0.048     0.040    1.205x     0.024     0.024   1.527x
   36    57     0.129     0.111    1.157x     0.066     0.067   1.412x
   37    58     0.145     0.127    1.143x     0.076     0.077   1.369x
   38    59     0.063     0.053    1.186x     0.029     0.029   1.414x
   39    60     0.091     0.080    1.139x     0.056     0.056   1.465x
   40    61     0.149     0.129    1.160x     0.084     0.084   1.467x
   41    62     0.067     0.057    1.177x     0.036     0.036   1.487x
   42    63     0.068     0.059    1.162x     0.040     0.040   1.522x
   43    64     0.070     0.059    1.184x     0.038     0.038   1.507x
   44    65     0.181     0.154    1.171x     0.097     0.097   1.453x
   45    66     0.077     0.064    1.201x     0.035     0.035   1.446x
   46    67     0.188     0.162    1.157x     0.105     0.105   1.451x
   47    68     0.069     0.058    1.199x     0.038     0.038   1.596x
   48    69     0.339     0.287    1.181x     0.163     0.164   1.428x
   49    70     0.158     0.133    1.190x     0.083     0.083   1.505x
   50    71     0.145     0.119    1.221x     0.081     0.080   1.656x
   51    72     0.331     0.274    1.206x     0.143     0.143   1.433x
   52    73     0.095     0.080    1.184x     0.054     0.054   1.552x
   53    74     0.327     0.281    1.163x     0.184     0.184   1.470x
   54    75     0.132     0.104    1.263x     0.060     0.059   1.583x
   55    76     0.264     0.231    1.144x     0.152     0.153   1.451x
   56    77     0.076     0.063    1.224x     0.040     0.040   1.620x
   57    78     0.214     0.194    1.100x     0.149     0.151   1.502x
   58    79     0.109     0.094    1.162x     0.068     0.068   1.579x
   59    80     0.466     0.425    1.096x     0.322     0.323   1.415x
   60    81     0.117     0.098    1.188x     0.071     0.069   1.575x
   61    82     0.090     0.071    1.257x     0.038     0.038   1.544x
   62    83     0.366     0.309    1.185x     0.194     0.194   1.496x
   63    84     0.109     0.089    1.222x     0.057     0.057   1.610x
   64    85     0.248     0.207    1.198x     0.115     0.115   1.451x
   65    86     0.115     0.095    1.204x     0.056     0.056   1.497x
   66    87     0.113     0.093    1.211x     0.062     0.062   1.631x
   67    88     0.387     0.309    1.254x     0.192     0.191   1.661x
   68    89     0.098     0.076    1.285x     0.040     0.040   1.598x
   69    90     0.263     0.218    1.205x     0.133     0.132   1.519x
   70    91     0.210     0.169    1.247x     0.087     0.087   1.513x
   71    92     0.605     0.542    1.116x     0.433     0.429   1.515x
   72    93     0.209     0.184    1.138x     0.119     0.121   1.429x
   73    94     0.749     0.635    1.180x     0.380     0.381   1.454x
   74    95     0.286     0.236    1.212x     0.146     0.147   1.575x
   75    96     0.329     0.261    1.263x     0.152     0.152   1.627x
   76    97     0.130     0.103    1.261x     0.053     0.054   1.551x
   77    98     0.410     0.378    1.085x     0.303     0.304   1.445x
   78    99     0.673     0.601    1.120x     0.432     0.430   1.415x
   79   100     0.092     0.067    1.360x     0.035     0.035   1.749x
   80   101     0.503     0.442    1.139x     0.289     0.292   1.428x
   81   102     0.274     0.236    1.161x     0.183     0.178   1.563x
   82   103     0.797     0.758    1.051x     0.552     0.586   1.428x
   83   104     0.340     0.272    1.251x     0.184     0.178   1.670x
   84   105     0.415     0.373    1.114x     0.261     0.272   1.539x
   85   106     0.614     0.501    1.225x     0.386     0.369   1.724x
   86   107     0.813     0.641    1.269x     0.506     0.474   1.843x
   87   108     0.668     0.595    1.124x     0.492     0.490   1.684x
   88   109     0.182     0.148    1.232x     0.101     0.097   1.597x
   89   110     0.414     0.318    1.305x     0.174     0.175   1.693x
   90   111     0.177     0.143    1.231x     0.085     0.086   1.611x
   91   112     1.217     1.113    1.093x     0.903     0.909   1.539x
   92   113     0.211     0.187    1.127x     0.129     0.130   1.415x
   93   114     1.009     0.830    1.216x     0.561     0.594   1.899x
   94   115     0.434     0.325    1.337x     0.190     0.192   1.841x
   95   116     0.406     0.367    1.107x     0.253     0.271   1.602x
   96   117     0.938     0.839    1.118x     0.649     0.643   1.470x
   97   118     1.168     0.972    1.203x     0.808     0.780   1.887x
   98   119     0.326     0.279    1.169x     0.225     0.220   1.712x
   99   120     1.420     1.181    1.202x     0.933     0.923   1.883x
----------------------------------------------------------------------
TOTAL          24.002    20.519    1.170x    14.233    14.231   1.553x
  'speed' is the whole LP; 'pyspeed' is wall minus solve, i.e. the
  half this change is allowed to touch. The solve columns must stay
  the same -- the program handed to HiGHS is identical.

IDENTITY GATE PASS: objective, layout hash, rows-by-origin, kept/dropped, calls and hard_ok all identical on 100 cases
L235_AB_ALL_DONE
